<?xml version="1.0" encoding="UTF-8"?>
<TestRun id="b3a2c09b-df1d-4980-9392-87192f32f008" name="Jason@DEV 2012-04-07 09:01:23" runUser="dev\Jason" xmlns="http://microsoft.com/schemas/VisualStudio/TeamTest/2010">
  <TestSettings name="Local" id="1e51673f-cf99-4c2a-8176-501a22e125a4">
    <Description>These are default test settings for a local test run.</Description>
    <Deployment enabled="false" runDeploymentRoot="Jason_DEV 2012-04-07 09_01_23">
      <DeploymentItem filename="C:\Users\Jason\Documents\Visual Studio 2010\Projects\InfraDoc\InfraDoc.Services\bin\Debug\InfraDoc.Services.exe" />
      <DeploymentItem filename="C:\Users\Jason\Documents\Visual Studio 2010\Projects\InfraDoc\InfraDoc\bin\InfraDoc.dll" />
      <DeploymentItem filename="C:\Users\Jason\Documents\Visual Studio 2010\Projects\InfraDoc\InfraDoc.Data\bin\Debug\InfraDoc.Data.exe" />
    </Deployment>
    <Execution>
      <TestTypeSpecific />
      <AgentRule name="Execution Agents">
      </AgentRule>
    </Execution>
  </TestSettings>
  <Times creation="2012-04-07T09:01:23.3355268-05:00" queuing="2012-04-07T09:01:23.9355611-05:00" start="2012-04-07T09:01:23.9865640-05:00" finish="2012-04-07T09:01:24.6836039-05:00" />
  <ResultSummary outcome="Completed">
    <Counters total="12" executed="12" passed="12" error="0" failed="0" timeout="0" aborted="0" inconclusive="0" passedButRunAborted="0" notRunnable="0" notExecuted="0" disconnected="0" warning="0" completed="0" inProgress="0" pending="0" />
  </ResultSummary>
  <TestDefinitions>
    <UnitTest name="Repository_SiteFilter_Returns_2_Contacts_With_Site_1" storage="c:\users\jason\documents\visual studio 2010\projects\infradoc\infradoc.tests\bin\debug\infradoc.tests.dll" id="7e9f73dd-243d-0385-84c2-425cb200fde9">
      <Execution id="4a4e264f-1dea-4016-adc3-d87d0cee9347" />
      <TestMethod codeBase="C:/Users/Jason/Documents/Visual Studio 2010/Projects/InfraDoc/InfraDoc.Tests/bin/Debug/InfraDoc.Tests.DLL" adapterTypeName="Microsoft.VisualStudio.TestTools.TestTypes.Unit.UnitTestAdapter, Microsoft.VisualStudio.QualityTools.Tips.UnitTest.Adapter, Version=10.0.0.0, Culture=neutral, PublicKeyToken=b03f5f7f11d50a3a" className="InfraDoc.Tests.ContactTests, InfraDoc.Tests, Version=1.0.0.0, Culture=neutral, PublicKeyToken=null" name="Repository_SiteFilter_Returns_2_Contacts_With_Site_1" />
    </UnitTest>
    <UnitTest name="ContactService_Returns_Single_Contact_With_ContactID_1" storage="c:\users\jason\documents\visual studio 2010\projects\infradoc\infradoc.tests\bin\debug\infradoc.tests.dll" id="2b62bf3c-5d68-961d-05ab-287a9033dcc2">
      <Execution id="e21385a2-fa3b-4918-a5f9-239e38428499" />
      <TestMethod codeBase="C:/Users/Jason/Documents/Visual Studio 2010/Projects/InfraDoc/InfraDoc.Tests/bin/Debug/InfraDoc.Tests.DLL" adapterTypeName="Microsoft.VisualStudio.TestTools.TestTypes.Unit.UnitTestAdapter, Microsoft.VisualStudio.QualityTools.Tips.UnitTest.Adapter, Version=10.0.0.0, Culture=neutral, PublicKeyToken=b03f5f7f11d50a3a" className="InfraDoc.Tests.ContactTests, InfraDoc.Tests, Version=1.0.0.0, Culture=neutral, PublicKeyToken=null" name="ContactService_Returns_Single_Contact_With_ContactID_1" />
    </UnitTest>
    <UnitTest name="SiteService_Can_Get_Sites_From_Service" storage="c:\users\jason\documents\visual studio 2010\projects\infradoc\infradoc.tests\bin\debug\infradoc.tests.dll" id="8f9e1449-db00-6db2-c48e-b38a2922cdef">
      <Execution id="def4597b-565f-4951-937f-83b2501b78d7" />
      <TestMethod codeBase="C:/Users/Jason/Documents/Visual Studio 2010/Projects/InfraDoc/InfraDoc.Tests/bin/Debug/InfraDoc.Tests.DLL" adapterTypeName="Microsoft.VisualStudio.TestTools.TestTypes.Unit.UnitTestAdapter, Microsoft.VisualStudio.QualityTools.Tips.UnitTest.Adapter, Version=10.0.0.0, Culture=neutral, PublicKeyToken=b03f5f7f11d50a3a" className="InfraDoc.Tests.SiteTests, InfraDoc.Tests, Version=1.0.0.0, Culture=neutral, PublicKeyToken=null" name="SiteService_Can_Get_Sites_From_Service" />
    </UnitTest>
    <UnitTest name="TestMethod1" storage="c:\users\jason\documents\visual studio 2010\projects\infradoc\infradoc.integrationtests\bin\debug\infradoc.integrationtests.dll" id="0a5a2743-977d-3d46-b078-acbc394b80ad">
      <Execution id="7acc575d-e570-49b3-b28b-c924d6352c41" />
      <TestMethod codeBase="C:/Users/Jason/Documents/Visual Studio 2010/Projects/InfraDoc/InfraDoc.IntegrationTests/bin/Debug/InfraDoc.IntegrationTests.DLL" adapterTypeName="Microsoft.VisualStudio.TestTools.TestTypes.Unit.UnitTestAdapter, Microsoft.VisualStudio.QualityTools.Tips.UnitTest.Adapter, Version=10.0.0.0, Culture=neutral, PublicKeyToken=b03f5f7f11d50a3a" className="InfraDoc.IntegrationTests.UnitTest1, InfraDoc.IntegrationTests, Version=1.0.0.0, Culture=neutral, PublicKeyToken=null" name="TestMethod1" />
    </UnitTest>
    <UnitTest name="Index" storage="c:\users\jason\documents\visual studio 2010\projects\infradoc\infradoc.tests\bin\debug\infradoc.tests.dll" id="74761d47-de3b-5906-b937-efb612842a8a">
      <Execution id="841a939e-65a1-412d-9c74-419c23a9d4f2" />
      <TestMethod codeBase="C:/Users/Jason/Documents/Visual Studio 2010/Projects/InfraDoc/InfraDoc.Tests/bin/Debug/InfraDoc.Tests.DLL" adapterTypeName="Microsoft.VisualStudio.TestTools.TestTypes.Unit.UnitTestAdapter, Microsoft.VisualStudio.QualityTools.Tips.UnitTest.Adapter, Version=10.0.0.0, Culture=neutral, PublicKeyToken=b03f5f7f11d50a3a" className="InfraDoc.Tests.Controllers.HomeControllerTest, InfraDoc.Tests, Version=1.0.0.0, Culture=neutral, PublicKeyToken=null" name="Index" />
    </UnitTest>
    <UnitTest name="About" storage="c:\users\jason\documents\visual studio 2010\projects\infradoc\infradoc.tests\bin\debug\infradoc.tests.dll" id="bf3fe024-5191-af7f-0dc4-845cae653bdb">
      <Execution id="4ad16bf8-b8a3-4299-a362-ab3310886dd7" />
      <TestMethod codeBase="C:/Users/Jason/Documents/Visual Studio 2010/Projects/InfraDoc/InfraDoc.Tests/bin/Debug/InfraDoc.Tests.DLL" adapterTypeName="Microsoft.VisualStudio.TestTools.TestTypes.Unit.UnitTestAdapter, Microsoft.VisualStudio.QualityTools.Tips.UnitTest.Adapter, Version=10.0.0.0, Culture=neutral, PublicKeyToken=b03f5f7f11d50a3a" className="InfraDoc.Tests.Controllers.HomeControllerTest, InfraDoc.Tests, Version=1.0.0.0, Culture=neutral, PublicKeyToken=null" name="About" />
    </UnitTest>
    <UnitTest name="Contact_Has_Site_Filter_For_Product" storage="c:\users\jason\documents\visual studio 2010\projects\infradoc\infradoc.tests\bin\debug\infradoc.tests.dll" id="8502a8e8-d4b5-3f83-a9b0-e8aa840be8c9">
      <Execution id="648cdd60-5bc4-4868-b458-b7be792e530d" />
      <TestMethod codeBase="C:/Users/Jason/Documents/Visual Studio 2010/Projects/InfraDoc/InfraDoc.Tests/bin/Debug/InfraDoc.Tests.DLL" adapterTypeName="Microsoft.VisualStudio.TestTools.TestTypes.Unit.UnitTestAdapter, Microsoft.VisualStudio.QualityTools.Tips.UnitTest.Adapter, Version=10.0.0.0, Culture=neutral, PublicKeyToken=b03f5f7f11d50a3a" className="InfraDoc.Tests.ContactTests, InfraDoc.Tests, Version=1.0.0.0, Culture=neutral, PublicKeyToken=null" name="Contact_Has_Site_Filter_For_Product" />
    </UnitTest>
    <UnitTest name="ContactService_Returns_2_Contacts_With_Site_1" storage="c:\users\jason\documents\visual studio 2010\projects\infradoc\infradoc.tests\bin\debug\infradoc.tests.dll" id="60754f88-f45f-2f23-828c-96e705cb4030">
      <Execution id="416a3e75-fae8-463b-a522-fbe84f00296b" />
      <TestMethod codeBase="C:/Users/Jason/Documents/Visual Studio 2010/Projects/InfraDoc/InfraDoc.Tests/bin/Debug/InfraDoc.Tests.DLL" adapterTypeName="Microsoft.VisualStudio.TestTools.TestTypes.Unit.UnitTestAdapter, Microsoft.VisualStudio.QualityTools.Tips.UnitTest.Adapter, Version=10.0.0.0, Culture=neutral, PublicKeyToken=b03f5f7f11d50a3a" className="InfraDoc.Tests.ContactTests, InfraDoc.Tests, Version=1.0.0.0, Culture=neutral, PublicKeyToken=null" name="ContactService_Returns_2_Contacts_With_Site_1" />
    </UnitTest>
    <UnitTest name="ContactRepository_Contains_Products" storage="c:\users\jason\documents\visual studio 2010\projects\infradoc\infradoc.tests\bin\debug\infradoc.tests.dll" id="545f2b79-054e-4c30-3c20-ac752950c10b">
      <Execution id="9af56bc8-5eb0-4e0a-9ba9-abe0f9d00f28" />
      <TestMethod codeBase="C:/Users/Jason/Documents/Visual Studio 2010/Projects/InfraDoc/InfraDoc.Tests/bin/Debug/InfraDoc.Tests.DLL" adapterTypeName="Microsoft.VisualStudio.TestTools.TestTypes.Unit.UnitTestAdapter, Microsoft.VisualStudio.QualityTools.Tips.UnitTest.Adapter, Version=10.0.0.0, Culture=neutral, PublicKeyToken=b03f5f7f11d50a3a" className="InfraDoc.Tests.ContactTests, InfraDoc.Tests, Version=1.0.0.0, Culture=neutral, PublicKeyToken=null" name="ContactRepository_Contains_Products" />
    </UnitTest>
    <UnitTest name="Repository_Returns_Single_Contact_When_Filtered_ByID_1" storage="c:\users\jason\documents\visual studio 2010\projects\infradoc\infradoc.tests\bin\debug\infradoc.tests.dll" id="315ddc6b-18d5-8a35-40da-00a33219ffb4">
      <Execution id="2cbdf99c-f64c-44dc-b71f-0338d7f2cb9c" />
      <TestMethod codeBase="C:/Users/Jason/Documents/Visual Studio 2010/Projects/InfraDoc/InfraDoc.Tests/bin/Debug/InfraDoc.Tests.DLL" adapterTypeName="Microsoft.VisualStudio.TestTools.TestTypes.Unit.UnitTestAdapter, Microsoft.VisualStudio.QualityTools.Tips.UnitTest.Adapter, Version=10.0.0.0, Culture=neutral, PublicKeyToken=b03f5f7f11d50a3a" className="InfraDoc.Tests.ContactTests, InfraDoc.Tests, Version=1.0.0.0, Culture=neutral, PublicKeyToken=null" name="Repository_Returns_Single_Contact_When_Filtered_ByID_1" />
    </UnitTest>
    <UnitTest name="Contact_ShouldHave_Name_PhoneNumber_Email_Site_Fields" storage="c:\users\jason\documents\visual studio 2010\projects\infradoc\infradoc.tests\bin\debug\infradoc.tests.dll" id="5dc1174a-51f4-70de-9182-b07a3d85d841">
      <Execution id="c7c0c94e-99b4-4357-b702-d87c3a9f6082" />
      <TestMethod codeBase="C:/Users/Jason/Documents/Visual Studio 2010/Projects/InfraDoc/InfraDoc.Tests/bin/Debug/InfraDoc.Tests.DLL" adapterTypeName="Microsoft.VisualStudio.TestTools.TestTypes.Unit.UnitTestAdapter, Microsoft.VisualStudio.QualityTools.Tips.UnitTest.Adapter, Version=10.0.0.0, Culture=neutral, PublicKeyToken=b03f5f7f11d50a3a" className="InfraDoc.Tests.ContactTests, InfraDoc.Tests, Version=1.0.0.0, Culture=neutral, PublicKeyToken=null" name="Contact_ShouldHave_Name_PhoneNumber_Email_Site_Fields" />
    </UnitTest>
    <UnitTest name="SiteRepository_Repository_IsNotNull" storage="c:\users\jason\documents\visual studio 2010\projects\infradoc\infradoc.tests\bin\debug\infradoc.tests.dll" id="eb396982-d821-7c6b-3c5d-ef0589f8edc1">
      <Execution id="a4d3942b-c937-4f1d-85cf-8417998ce5d1" />
      <TestMethod codeBase="C:/Users/Jason/Documents/Visual Studio 2010/Projects/InfraDoc/InfraDoc.Tests/bin/Debug/InfraDoc.Tests.DLL" adapterTypeName="Microsoft.VisualStudio.TestTools.TestTypes.Unit.UnitTestAdapter, Microsoft.VisualStudio.QualityTools.Tips.UnitTest.Adapter, Version=10.0.0.0, Culture=neutral, PublicKeyToken=b03f5f7f11d50a3a" className="InfraDoc.Tests.SiteTests, InfraDoc.Tests, Version=1.0.0.0, Culture=neutral, PublicKeyToken=null" name="SiteRepository_Repository_IsNotNull" />
    </UnitTest>
  </TestDefinitions>
  <TestLists>
    <TestList name="Results Not in a List" id="8c84fa94-04c1-424b-9868-57a2d4851a1d" />
    <TestList name="All Loaded Results" id="19431567-8539-422a-85d7-44ee4e166bda" />
  </TestLists>
  <TestEntries>
    <TestEntry testId="0a5a2743-977d-3d46-b078-acbc394b80ad" executionId="7acc575d-e570-49b3-b28b-c924d6352c41" testListId="8c84fa94-04c1-424b-9868-57a2d4851a1d" />
    <TestEntry testId="2b62bf3c-5d68-961d-05ab-287a9033dcc2" executionId="e21385a2-fa3b-4918-a5f9-239e38428499" testListId="8c84fa94-04c1-424b-9868-57a2d4851a1d" />
    <TestEntry testId="315ddc6b-18d5-8a35-40da-00a33219ffb4" executionId="2cbdf99c-f64c-44dc-b71f-0338d7f2cb9c" testListId="8c84fa94-04c1-424b-9868-57a2d4851a1d" />
    <TestEntry testId="545f2b79-054e-4c30-3c20-ac752950c10b" executionId="9af56bc8-5eb0-4e0a-9ba9-abe0f9d00f28" testListId="8c84fa94-04c1-424b-9868-57a2d4851a1d" />
    <TestEntry testId="5dc1174a-51f4-70de-9182-b07a3d85d841" executionId="c7c0c94e-99b4-4357-b702-d87c3a9f6082" testListId="8c84fa94-04c1-424b-9868-57a2d4851a1d" />
    <TestEntry testId="60754f88-f45f-2f23-828c-96e705cb4030" executionId="416a3e75-fae8-463b-a522-fbe84f00296b" testListId="8c84fa94-04c1-424b-9868-57a2d4851a1d" />
    <TestEntry testId="74761d47-de3b-5906-b937-efb612842a8a" executionId="841a939e-65a1-412d-9c74-419c23a9d4f2" testListId="8c84fa94-04c1-424b-9868-57a2d4851a1d" />
    <TestEntry testId="7e9f73dd-243d-0385-84c2-425cb200fde9" executionId="4a4e264f-1dea-4016-adc3-d87d0cee9347" testListId="8c84fa94-04c1-424b-9868-57a2d4851a1d" />
    <TestEntry testId="8502a8e8-d4b5-3f83-a9b0-e8aa840be8c9" executionId="648cdd60-5bc4-4868-b458-b7be792e530d" testListId="8c84fa94-04c1-424b-9868-57a2d4851a1d" />
    <TestEntry testId="8f9e1449-db00-6db2-c48e-b38a2922cdef" executionId="def4597b-565f-4951-937f-83b2501b78d7" testListId="8c84fa94-04c1-424b-9868-57a2d4851a1d" />
    <TestEntry testId="bf3fe024-5191-af7f-0dc4-845cae653bdb" executionId="4ad16bf8-b8a3-4299-a362-ab3310886dd7" testListId="8c84fa94-04c1-424b-9868-57a2d4851a1d" />
    <TestEntry testId="eb396982-d821-7c6b-3c5d-ef0589f8edc1" executionId="a4d3942b-c937-4f1d-85cf-8417998ce5d1" testListId="8c84fa94-04c1-424b-9868-57a2d4851a1d" />
  </TestEntries>
  <Results>
    <UnitTestResult executionId="7acc575d-e570-49b3-b28b-c924d6352c41" testId="0a5a2743-977d-3d46-b078-acbc394b80ad" testName="TestMethod1" computerName="DEV" duration="00:00:00.0095315" startTime="2012-04-07T09:01:24.0115654-05:00" endTime="2012-04-07T09:01:24.3075824-05:00" testType="13cdc9d9-ddb5-4fa4-a97d-d965ccfc6d4b" outcome="Passed" testListId="8c84fa94-04c1-424b-9868-57a2d4851a1d" relativeResultsDirectory="7acc575d-e570-49b3-b28b-c924d6352c41">
    </UnitTestResult>
    <UnitTestResult executionId="e21385a2-fa3b-4918-a5f9-239e38428499" testId="2b62bf3c-5d68-961d-05ab-287a9033dcc2" testName="ContactService_Returns_Single_Contact_With_ContactID_1" computerName="DEV" duration="00:00:00.0306706" startTime="2012-04-07T09:01:24.3125827-05:00" endTime="2012-04-07T09:01:24.5095939-05:00" testType="13cdc9d9-ddb5-4fa4-a97d-d965ccfc6d4b" outcome="Passed" testListId="8c84fa94-04c1-424b-9868-57a2d4851a1d" relativeResultsDirectory="e21385a2-fa3b-4918-a5f9-239e38428499">
    </UnitTestResult>
    <UnitTestResult executionId="2cbdf99c-f64c-44dc-b71f-0338d7f2cb9c" testId="315ddc6b-18d5-8a35-40da-00a33219ffb4" testName="Repository_Returns_Single_Contact_When_Filtered_ByID_1" computerName="DEV" duration="00:00:00.0018163" startTime="2012-04-07T09:01:24.5115940-05:00" endTime="2012-04-07T09:01:24.5165943-05:00" testType="13cdc9d9-ddb5-4fa4-a97d-d965ccfc6d4b" outcome="Passed" testListId="8c84fa94-04c1-424b-9868-57a2d4851a1d" relativeResultsDirectory="2cbdf99c-f64c-44dc-b71f-0338d7f2cb9c">
    </UnitTestResult>
    <UnitTestResult executionId="9af56bc8-5eb0-4e0a-9ba9-abe0f9d00f28" testId="545f2b79-054e-4c30-3c20-ac752950c10b" testName="ContactRepository_Contains_Products" computerName="DEV" duration="00:00:00.0001247" startTime="2012-04-07T09:01:24.5185944-05:00" endTime="2012-04-07T09:01:24.5205946-05:00" testType="13cdc9d9-ddb5-4fa4-a97d-d965ccfc6d4b" outcome="Passed" testListId="8c84fa94-04c1-424b-9868-57a2d4851a1d" relativeResultsDirectory="9af56bc8-5eb0-4e0a-9ba9-abe0f9d00f28">
    </UnitTestResult>
    <UnitTestResult executionId="c7c0c94e-99b4-4357-b702-d87c3a9f6082" testId="5dc1174a-51f4-70de-9182-b07a3d85d841" testName="Contact_ShouldHave_Name_PhoneNumber_Email_Site_Fields" computerName="DEV" duration="00:00:00.0004876" startTime="2012-04-07T09:01:24.5225947-05:00" endTime="2012-04-07T09:01:24.5255948-05:00" testType="13cdc9d9-ddb5-4fa4-a97d-d965ccfc6d4b" outcome="Passed" testListId="8c84fa94-04c1-424b-9868-57a2d4851a1d" relativeResultsDirectory="c7c0c94e-99b4-4357-b702-d87c3a9f6082">
    </UnitTestResult>
    <UnitTestResult executionId="416a3e75-fae8-463b-a522-fbe84f00296b" testId="60754f88-f45f-2f23-828c-96e705cb4030" testName="ContactService_Returns_2_Contacts_With_Site_1" computerName="DEV" duration="00:00:00.0013851" startTime="2012-04-07T09:01:24.5275950-05:00" endTime="2012-04-07T09:01:24.5305951-05:00" testType="13cdc9d9-ddb5-4fa4-a97d-d965ccfc6d4b" outcome="Passed" testListId="8c84fa94-04c1-424b-9868-57a2d4851a1d" relativeResultsDirectory="416a3e75-fae8-463b-a522-fbe84f00296b">
    </UnitTestResult>
    <UnitTestResult executionId="841a939e-65a1-412d-9c74-419c23a9d4f2" testId="74761d47-de3b-5906-b937-efb612842a8a" testName="Index" computerName="DEV" duration="00:00:00.0971563" startTime="2012-04-07T09:01:24.5325952-05:00" endTime="2012-04-07T09:01:24.6356011-05:00" testType="13cdc9d9-ddb5-4fa4-a97d-d965ccfc6d4b" outcome="Passed" testListId="8c84fa94-04c1-424b-9868-57a2d4851a1d" relativeResultsDirectory="841a939e-65a1-412d-9c74-419c23a9d4f2">
    </UnitTestResult>
    <UnitTestResult executionId="4a4e264f-1dea-4016-adc3-d87d0cee9347" testId="7e9f73dd-243d-0385-84c2-425cb200fde9" testName="Repository_SiteFilter_Returns_2_Contacts_With_Site_1" computerName="DEV" duration="00:00:00.0010600" startTime="2012-04-07T09:01:24.6376012-05:00" endTime="2012-04-07T09:01:24.6406014-05:00" testType="13cdc9d9-ddb5-4fa4-a97d-d965ccfc6d4b" outcome="Passed" testListId="8c84fa94-04c1-424b-9868-57a2d4851a1d" relativeResultsDirectory="4a4e264f-1dea-4016-adc3-d87d0cee9347">
    </UnitTestResult>
    <UnitTestResult executionId="648cdd60-5bc4-4868-b458-b7be792e530d" testId="8502a8e8-d4b5-3f83-a9b0-e8aa840be8c9" testName="Contact_Has_Site_Filter_For_Product" computerName="DEV" duration="00:00:00.0008487" startTime="2012-04-07T09:01:24.6426015-05:00" endTime="2012-04-07T09:01:24.6456017-05:00" testType="13cdc9d9-ddb5-4fa4-a97d-d965ccfc6d4b" outcome="Passed" testListId="8c84fa94-04c1-424b-9868-57a2d4851a1d" relativeResultsDirectory="648cdd60-5bc4-4868-b458-b7be792e530d">
    </UnitTestResult>
    <UnitTestResult executionId="def4597b-565f-4951-937f-83b2501b78d7" testId="8f9e1449-db00-6db2-c48e-b38a2922cdef" testName="SiteService_Can_Get_Sites_From_Service" computerName="DEV" duration="00:00:00.0015429" startTime="2012-04-07T09:01:24.6466018-05:00" endTime="2012-04-07T09:01:24.6506020-05:00" testType="13cdc9d9-ddb5-4fa4-a97d-d965ccfc6d4b" outcome="Passed" testListId="8c84fa94-04c1-424b-9868-57a2d4851a1d" relativeResultsDirectory="def4597b-565f-4951-937f-83b2501b78d7">
    </UnitTestResult>
    <UnitTestResult executionId="4ad16bf8-b8a3-4299-a362-ab3310886dd7" testId="bf3fe024-5191-af7f-0dc4-845cae653bdb" testName="About" computerName="DEV" duration="00:00:00.0001787" startTime="2012-04-07T09:01:24.6526021-05:00" endTime="2012-04-07T09:01:24.6546022-05:00" testType="13cdc9d9-ddb5-4fa4-a97d-d965ccfc6d4b" outcome="Passed" testListId="8c84fa94-04c1-424b-9868-57a2d4851a1d" relativeResultsDirectory="4ad16bf8-b8a3-4299-a362-ab3310886dd7">
    </UnitTestResult>
    <UnitTestResult executionId="a4d3942b-c937-4f1d-85cf-8417998ce5d1" testId="eb396982-d821-7c6b-3c5d-ef0589f8edc1" testName="SiteRepository_Repository_IsNotNull" computerName="DEV" duration="00:00:00.0001481" startTime="2012-04-07T09:01:24.6566023-05:00" endTime="2012-04-07T09:01:24.6586025-05:00" testType="13cdc9d9-ddb5-4fa4-a97d-d965ccfc6d4b" outcome="Passed" testListId="8c84fa94-04c1-424b-9868-57a2d4851a1d" relativeResultsDirectory="a4d3942b-c937-4f1d-85cf-8417998ce5d1">
    </UnitTestResult>
  </Results>
</TestRun>